// Jest Snapshot v1, https://goo.gl/fbAQLP

exports[`Workout Creator Store initial state should match snapshot 1`] = `
Object {
  "currentHistoryPosition": 0,
  "currentIntervals": Array [
    Object {
      "durationSeconds": 60,
      "intensityPercent": 0.3,
    },
    Object {
      "durationSeconds": 60,
      "intensityPercent": 0.4,
    },
    Object {
      "durationSeconds": 60,
      "intensityPercent": 0.5,
    },
    Object {
      "durationSeconds": 300,
      "intensityPercent": 0.6,
    },
    Object {
      "durationSeconds": 30,
      "intensityPercent": 1.3,
    },
    Object {
      "durationSeconds": 15,
      "intensityPercent": 0.6,
    },
    Object {
      "durationSeconds": 30,
      "intensityPercent": 1.3,
    },
    Object {
      "durationSeconds": 15,
      "intensityPercent": 0.6,
    },
    Object {
      "durationSeconds": 30,
      "intensityPercent": 1.3,
    },
    Object {
      "durationSeconds": 15,
      "intensityPercent": 0.6,
    },
    Object {
      "durationSeconds": 30,
      "intensityPercent": 1.3,
    },
    Object {
      "durationSeconds": 15,
      "intensityPercent": 0.6,
    },
    Object {
      "durationSeconds": 30,
      "intensityPercent": 1.3,
    },
    Object {
      "durationSeconds": 15,
      "intensityPercent": 0.6,
    },
    Object {
      "durationSeconds": 30,
      "intensityPercent": 1.3,
    },
    Object {
      "durationSeconds": 15,
      "intensityPercent": 0.6,
    },
    Object {
      "durationSeconds": 30,
      "intensityPercent": 1.3,
    },
    Object {
      "durationSeconds": 15,
      "intensityPercent": 0.6,
    },
    Object {
      "durationSeconds": 30,
      "intensityPercent": 1.3,
    },
    Object {
      "durationSeconds": 15,
      "intensityPercent": 0.6,
    },
    Object {
      "durationSeconds": 30,
      "intensityPercent": 1.3,
    },
    Object {
      "durationSeconds": 15,
      "intensityPercent": 0.6,
    },
    Object {
      "durationSeconds": 30,
      "intensityPercent": 1.3,
    },
    Object {
      "durationSeconds": 15,
      "intensityPercent": 0.6,
    },
    Object {
      "durationSeconds": 30,
      "intensityPercent": 1.3,
    },
    Object {
      "durationSeconds": 15,
      "intensityPercent": 0.6,
    },
    Object {
      "durationSeconds": 30,
      "intensityPercent": 1.3,
    },
    Object {
      "durationSeconds": 15,
      "intensityPercent": 0.6,
    },
    Object {
      "durationSeconds": 30,
      "intensityPercent": 1.3,
    },
    Object {
      "durationSeconds": 15,
      "intensityPercent": 0.6,
    },
    Object {
      "durationSeconds": 300,
      "intensityPercent": 0.6,
    },
  ],
  "ftp": 200,
  "history": Array [
    Array [
      Object {
        "durationSeconds": 60,
        "intensityPercent": 0.3,
      },
      Object {
        "durationSeconds": 60,
        "intensityPercent": 0.4,
      },
      Object {
        "durationSeconds": 60,
        "intensityPercent": 0.5,
      },
      Object {
        "durationSeconds": 300,
        "intensityPercent": 0.6,
      },
      Object {
        "durationSeconds": 30,
        "intensityPercent": 1.3,
      },
      Object {
        "durationSeconds": 15,
        "intensityPercent": 0.6,
      },
      Object {
        "durationSeconds": 30,
        "intensityPercent": 1.3,
      },
      Object {
        "durationSeconds": 15,
        "intensityPercent": 0.6,
      },
      Object {
        "durationSeconds": 30,
        "intensityPercent": 1.3,
      },
      Object {
        "durationSeconds": 15,
        "intensityPercent": 0.6,
      },
      Object {
        "durationSeconds": 30,
        "intensityPercent": 1.3,
      },
      Object {
        "durationSeconds": 15,
        "intensityPercent": 0.6,
      },
      Object {
        "durationSeconds": 30,
        "intensityPercent": 1.3,
      },
      Object {
        "durationSeconds": 15,
        "intensityPercent": 0.6,
      },
      Object {
        "durationSeconds": 30,
        "intensityPercent": 1.3,
      },
      Object {
        "durationSeconds": 15,
        "intensityPercent": 0.6,
      },
      Object {
        "durationSeconds": 30,
        "intensityPercent": 1.3,
      },
      Object {
        "durationSeconds": 15,
        "intensityPercent": 0.6,
      },
      Object {
        "durationSeconds": 30,
        "intensityPercent": 1.3,
      },
      Object {
        "durationSeconds": 15,
        "intensityPercent": 0.6,
      },
      Object {
        "durationSeconds": 30,
        "intensityPercent": 1.3,
      },
      Object {
        "durationSeconds": 15,
        "intensityPercent": 0.6,
      },
      Object {
        "durationSeconds": 30,
        "intensityPercent": 1.3,
      },
      Object {
        "durationSeconds": 15,
        "intensityPercent": 0.6,
      },
      Object {
        "durationSeconds": 30,
        "intensityPercent": 1.3,
      },
      Object {
        "durationSeconds": 15,
        "intensityPercent": 0.6,
      },
      Object {
        "durationSeconds": 30,
        "intensityPercent": 1.3,
      },
      Object {
        "durationSeconds": 15,
        "intensityPercent": 0.6,
      },
      Object {
        "durationSeconds": 30,
        "intensityPercent": 1.3,
      },
      Object {
        "durationSeconds": 15,
        "intensityPercent": 0.6,
      },
      Object {
        "durationSeconds": 300,
        "intensityPercent": 0.6,
      },
    ],
  ],
  "newInterval": Object {
    "durationSeconds": 0,
    "intensityPercent": 1,
  },
  "selectedIndex": null,
}
`;
